// Jest Snapshot v1, https://goo.gl/fbAQLP

exports[`Home component using RTL render snapshot 1`] = `
<div
  className="mt-5 text-center"
>
  <h1>
    Welcome libraian!
  </h1>
</div>
`;
