// Jest Snapshot v1, https://goo.gl/fbAQLP

exports[`NotFound component using RTL render snapshot 1`] = `
<div
  className="mt-5 text-center"
>
  <h1>
    Page not found!
  </h1>
</div>
`;
