// Jest Snapshot v1, https://goo.gl/fbAQLP

exports[`App component using React Testing Library render snapshot 1`] = `
Array [
  <nav
    className="navbar navbar-expand-lg navbar-light bg-light"
  >
    <div
      className="container"
    >
      <a
        className="active navbar-brand"
        href="/"
        onClick={[Function]}
        style={Object {}}
      >
        The Grand ABC Library
      </a>
      <button
        aria-controls="basic-navbar-nav"
        aria-label="Toggle navigation"
        className="navbar-toggler collapsed"
        onClick={[Function]}
        type="button"
      >
        <span
          className="navbar-toggler-icon"
        />
      </button>
      <div
        aria-expanded={null}
        className="navbar-collapse collapse"
        id="basic-navbar-nav"
      >
        <div
          className="ms-auto navbar-nav"
          onKeyDown={[Function]}
        >
          <a
            className="active nav-link"
            data-rr-ui-event-key="/"
            disabled={false}
            href="/"
            onClick={[Function]}
            style={Object {}}
          >
            Home
          </a>
          <a
            className="nav-link"
            data-rr-ui-event-key="/login"
            disabled={false}
            href="/login"
            onClick={[Function]}
            style={null}
          >
            Login
          </a>
        </div>
      </div>
    </div>
  </nav>,
  <main>
    <div
      className="mt-5 text-center"
    >
      <h1>
        Welcome libraian!
      </h1>
    </div>
  </main>,
]
`;
